[    0.000000] Initializing cgroup subsys cpuset
[    0.000000] Initializing cgroup subsys cpu
[    0.000000] Initializing cgroup subsys cpuacct
[    0.000000] Linux version 4.4.0-210-generic (buildd@lgw01-amd64-009) (gcc version 5.4.0 20160609 (Ubuntu 5.4.0-6ubuntu1~16.04.12) ) #242-Ubuntu SMP Fri Apr 16 09:57:56 UTC 2021 (Ubuntu 4.4.0-210.242-generic 4.4.262)
[    0.000000] Command line: BOOT_IMAGE=/boot/vmlinuz-4.4.0-210-generic root=LABEL=cloudimg-rootfs ro console=tty1 console=ttyS0
[    0.000000] KERNEL supported cpus:
[    0.000000]   Intel GenuineIntel
[    0.000000]   AMD AuthenticAMD
[    0.000000]   Centaur CentaurHauls
[    0.000000] x86/fpu: Legacy x87 FPU detected.
[    0.000000] e820: BIOS-provided physical RAM map:
[    0.000000] BIOS-e820: [mem 0x0000000000000000-0x000000000009fbff] usable
[    0.000000] BIOS-e820: [mem 0x000000000009fc00-0x000000000009ffff] reserved
[    0.000000] BIOS-e820: [mem 0x00000000000f0000-0x00000000000fffff] reserved
[    0.000000] BIOS-e820: [mem 0x0000000000100000-0x000000003ffeffff] usable
[    0.000000] BIOS-e820: [mem 0x000000003fff0000-0x000000003fffffff] ACPI data
[    0.000000] BIOS-e820: [mem 0x00000000fec00000-0x00000000fec00fff] reserved
[    0.000000] BIOS-e820: [mem 0x00000000fee00000-0x00000000fee00fff] reserved
[    0.000000] BIOS-e820: [mem 0x00000000fffc0000-0x00000000ffffffff] reserved
[    0.000000] NX (Execute Disable) protection: active
[    0.000000] SMBIOS 2.5 present.
[    0.000000] Hypervisor detected: KVM
[    0.000000] e820: last_pfn = 0x3fff0 max_arch_pfn = 0x400000000
[    0.000000] MTRR: Disabled
[    0.000000] x86/PAT: MTRRs disabled, skipping PAT initialization too.
[    0.000000] CPU MTRRs all blank - virtualized system.
[    0.000000] x86/PAT: Configuration [0-7]: WB  WT  UC- UC  WB  WT  UC- UC  
[    0.000000] found SMP MP-table at [mem 0x0009fff0-0x0009ffff] mapped at [ffff88000009fff0]
[    0.000000] Scanning 1 areas for low memory corruption
[    0.000000] RAMDISK: [mem 0x362dc000-0x37165fff]
[    0.000000] ACPI: Early table checksum verification disabled
[    0.000000] ACPI: RSDP 0x00000000000E0000 000024 (v02 VBOX  )
[    0.000000] ACPI: XSDT 0x000000003FFF0030 00003C (v01 VBOX   VBOXXSDT 00000001 ASL  00000061)
[    0.000000] ACPI: FACP 0x000000003FFF00F0 0000F4 (v04 VBOX   VBOXFACP 00000001 ASL  00000061)
[    0.000000] ACPI: DSDT 0x000000003FFF0470 002325 (v02 VBOX   VBOXBIOS 00000002 INTL 20100528)
[    0.000000] ACPI: FACS 0x000000003FFF0200 000040
[    0.000000] ACPI: FACS 0x000000003FFF0200 000040
[    0.000000] ACPI: APIC 0x000000003FFF0240 00005C (v02 VBOX   VBOXAPIC 00000001 ASL  00000061)
[    0.000000] ACPI: SSDT 0x000000003FFF02A0 0001CC (v01 VBOX   VBOXCPUT 00000002 INTL 20100528)
[    0.000000] No NUMA configuration found
[    0.000000] Faking a node at [mem 0x0000000000000000-0x000000003ffeffff]
[    0.000000] NODE_DATA(0) allocated [mem 0x3ffeb000-0x3ffeffff]
[    0.000000] kvm-clock: Using msrs 4b564d01 and 4b564d00
[    0.000000] kvm-clock: cpu 0, msr 0:3ffe3001, primary cpu clock
[    0.000000] kvm-clock: using sched offset of 4501018692 cycles
[    0.000000] clocksource: kvm-clock: mask: 0xffffffffffffffff max_cycles: 0x1cd42e4dffb, max_idle_ns: 881590591483 ns
[    0.000000] Zone ranges:
[    0.000000]   DMA      [mem 0x0000000000001000-0x0000000000ffffff]
[    0.000000]   DMA32    [mem 0x0000000001000000-0x000000003ffeffff]
[    0.000000]   Normal   empty
[    0.000000]   Device   empty
[    0.000000] Movable zone start for each node
[    0.000000] Early memory node ranges
[    0.000000]   node   0: [mem 0x0000000000001000-0x000000000009efff]
[    0.000000]   node   0: [mem 0x0000000000100000-0x000000003ffeffff]
[    0.000000] Initmem setup node 0 [mem 0x0000000000001000-0x000000003ffeffff]
[    0.000000] ACPI: PM-Timer IO Port: 0x4008
[    0.000000] IOAPIC[0]: apic_id 2, version 32, address 0xfec00000, GSI 0-23
[    0.000000] ACPI: INT_SRC_OVR (bus 0 bus_irq 0 global_irq 2 dfl dfl)
[    0.000000] ACPI: INT_SRC_OVR (bus 0 bus_irq 9 global_irq 9 low level)
[    0.000000] Using ACPI (MADT) for SMP configuration information
[    0.000000] smpboot: Allowing 2 CPUs, 0 hotplug CPUs
[    0.000000] PM: Registered nosave memory: [mem 0x00000000-0x00000fff]
[    0.000000] PM: Registered nosave memory: [mem 0x0009f000-0x0009ffff]
[    0.000000] PM: Registered nosave memory: [mem 0x000a0000-0x000effff]
[    0.000000] PM: Registered nosave memory: [mem 0x000f0000-0x000fffff]
[    0.000000] e820: [mem 0x40000000-0xfebfffff] available for PCI devices
[    0.000000] Booting paravirtualized kernel on KVM
[    0.000000] clocksource: refined-jiffies: mask: 0xffffffff max_cycles: 0xffffffff, max_idle_ns: 7645519600211568 ns
[    0.000000] setup_percpu: NR_CPUS:512 nr_cpumask_bits:512 nr_cpu_ids:2 nr_node_ids:1
[    0.000000] PERCPU: Embedded 33 pages/cpu @ffff88003fc00000 s95192 r8192 d31784 u1048576
[    0.000000] Built 1 zonelists in Node order, mobility grouping on.  Total pages: 257912
[    0.000000] Policy zone: DMA32
[    0.000000] Kernel command line: BOOT_IMAGE=/boot/vmlinuz-4.4.0-210-generic root=LABEL=cloudimg-rootfs ro console=tty1 console=ttyS0
[    0.000000] PID hash table entries: 4096 (order: 3, 32768 bytes)
[    0.000000] Memory: 997792K/1048120K available (8644K kernel code, 1332K rwdata, 4044K rodata, 1492K init, 1164K bss, 50328K reserved, 0K cma-reserved)
[    0.000000] SLUB: HWalign=64, Order=0-3, MinObjects=0, CPUs=2, Nodes=1
[    0.000000] Kernel/User page tables isolation: enabled
[    0.000000] Hierarchical RCU implementation.
[    0.000000] 	Build-time adjustment of leaf fanout to 64.
[    0.000000] 	RCU restricting CPUs from NR_CPUS=512 to nr_cpu_ids=2.
[    0.000000] RCU: Adjusting geometry for rcu_fanout_leaf=64, nr_cpu_ids=2
[    0.000000] NR_IRQS:33024 nr_irqs:440 16
[    0.000000] Console: colour VGA+ 80x25
[    0.000000] console [tty1] enabled
[    0.000000] console [ttyS0] enabled
[    0.000000] tsc: Detected 2592.008 MHz processor
[    0.903751] Calibrating delay loop (skipped) preset value.. 5184.01 BogoMIPS (lpj=10368032)
[    0.916715] pid_max: default: 32768 minimum: 301
[    0.924434] ACPI: Core revision 20150930
[    0.932542] ACPI: 2 ACPI AML tables successfully acquired and loaded
[    0.944745] Security Framework initialized
[    0.952168] Yama: becoming mindful.
[    0.958050] AppArmor: AppArmor initialized
[    0.968727] Dentry cache hash table entries: 131072 (order: 8, 1048576 bytes)
[    0.991443] Inode-cache hash table entries: 65536 (order: 7, 524288 bytes)
[    1.011469] Mount-cache hash table entries: 2048 (order: 2, 16384 bytes)
[    1.027162] Mountpoint-cache hash table entries: 2048 (order: 2, 16384 bytes)
[    1.045567] Initializing cgroup subsys io
[    1.053314] Initializing cgroup subsys memory
[    1.061232] Initializing cgroup subsys devices
[    1.069644] Initializing cgroup subsys freezer
[    1.079269] Initializing cgroup subsys net_cls
[    1.090955] Initializing cgroup subsys perf_event
[    1.103610] Initializing cgroup subsys net_prio
[    1.111592] Initializing cgroup subsys hugetlb
[    1.119657] Initializing cgroup subsys pids
[    1.128707] mce: CPU supports 0 MCE banks
[    1.138770] Last level iTLB entries: 4KB 64, 2MB 8, 4MB 8
[    1.149186] Last level dTLB entries: 4KB 64, 2MB 0, 4MB 0, 1GB 4
[    1.164443] Spectre V1 : Mitigation: usercopy/swapgs barriers and __user pointer sanitization
[    1.186392] Spectre V2 : Mitigation: Full generic retpoline
[    1.199166] Spectre V2 : Spectre v2 / SpectreRSB mitigation: Filling RSB on context switch
[    1.219398] Speculative Store Bypass: Vulnerable
[    1.232844] MDS: Mitigation: Clear CPU buffers
[    1.307220] Freeing SMP alternatives memory: 36K
[    1.455813] ftrace: allocating 32380 entries in 127 pages
[    2.403117] smpboot: APIC(0) Converting physical 0 to logical package 0
[    2.419348] smpboot: Max logical packages: 1
[    2.453489] ..TIMER: vector=0x30 apic1=0 pin1=2 apic2=-1 pin2=-1
[    2.572321] smpboot: CPU0: Intel(R) Core(TM) i7-9750H CPU @ 2.60GHz (family: 0x6, model: 0x9e, stepping: 0xa)
[    2.590924] Performance Events: unsupported p6 CPU model 158 no PMU driver, software events only.
[    2.752829] KVM setup paravirtual spinlock
[    2.762525] x86: Booting SMP configuration:
[    2.768973] .... node  #0, CPUs:      #1
[    2.777940] kvm-clock: cpu 1, msr 0:3ffe3041, secondary cpu clock
[    2.786917] mce: CPU supports 0 MCE banks
[    2.792072] TSC synchronization [CPU#0 -> CPU#1]:
[    2.798990] Measured 85775 cycles TSC warp between CPUs, turning off TSC clock.
[    2.809674] tsc: Marking TSC unstable due to check_tsc_sync_source failed
[    0.741880] x86: Booted up 1 node, 2 CPUs
[    0.744004] smpboot: Total of 2 processors activated (10368.03 BogoMIPS)
[    0.752903] devtmpfs: initialized
[    0.758694] evm: security.selinux
[    0.760010] evm: security.SMACK64
[    0.764003] evm: security.SMACK64EXEC
[    0.768003] evm: security.SMACK64TRANSMUTE
[    0.772004] evm: security.SMACK64MMAP
[    0.776003] evm: security.ima
[    0.780003] evm: security.capability
[    0.784507] clocksource: jiffies: mask: 0xffffffff max_cycles: 0xffffffff, max_idle_ns: 7645041785100000 ns
[    0.788018] futex hash table entries: 512 (order: 3, 32768 bytes)
[    0.792565] pinctrl core: initialized pinctrl subsystem
[    0.800498] RTC time: 18:36:33, date: 03/26/24
[    0.805385] NET: Registered protocol family 16
[    0.820008] cpuidle: using governor ladder
[    0.840007] cpuidle: using governor menu
[    0.844177] PCCT header not found.
[    0.848131] ACPI: bus type PCI registered
[    0.852005] acpiphp: ACPI Hot Plug PCI Controller Driver version: 0.5
[    0.856722] PCI: Using configuration type 1 for base access
[    0.880818] ACPI: Added _OSI(Module Device)
[    0.884006] ACPI: Added _OSI(Processor Device)
[    0.888008] ACPI: Added _OSI(3.0 _SCP Extensions)
[    0.892005] ACPI: Added _OSI(Processor Aggregator Device)
[    0.897837] ACPI: Executed 1 blocks of module-level executable AML code
[    0.912845] ACPI: Interpreter enabled
[    0.916013] ACPI: (supports S0 S5)
[    0.920003] ACPI: Using IOAPIC for interrupt routing
[    0.924497] PCI: Using host bridge windows from ACPI; if necessary, use "pci=nocrs" and report a bug
[    0.941580] ACPI: PCI Root Bridge [PCI0] (domain 0000 [bus 00-ff])
[    0.944008] acpi PNP0A03:00: _OSC: OS supports [ASPM ClockPM Segments MSI]
[    0.948985] acpi PNP0A03:00: _OSC: not requesting OS control; OS requires [ExtendedConfig ASPM ClockPM MSI]
[    0.952011] acpi PNP0A03:00: fail to add MMCONFIG information, can't access extended PCI configuration space under this bridge.
[    0.957077] PCI host bridge to bus 0000:00
[    0.960006] pci_bus 0000:00: root bus resource [io  0x0000-0x0cf7 window]
[    0.964005] pci_bus 0000:00: root bus resource [io  0x0d00-0xffff window]
[    0.968005] pci_bus 0000:00: root bus resource [mem 0x000a0000-0x000bffff window]
[    0.972005] pci_bus 0000:00: root bus resource [mem 0x40000000-0xfdffffff window]
[    0.976005] pci_bus 0000:00: root bus resource [bus 00-ff]
[    0.992995] pci 0000:00:01.1: legacy IDE quirk: reg 0x10: [io  0x01f0-0x01f7]
[    0.996004] pci 0000:00:01.1: legacy IDE quirk: reg 0x14: [io  0x03f6]
[    1.000004] pci 0000:00:01.1: legacy IDE quirk: reg 0x18: [io  0x0170-0x0177]
[    1.004006] pci 0000:00:01.1: legacy IDE quirk: reg 0x1c: [io  0x0376]
[    1.041690] pci 0000:00:07.0: quirk: [io  0x4000-0x403f] claimed by PIIX4 ACPI
[    1.044061] pci 0000:00:07.0: quirk: [io  0x4100-0x410f] claimed by PIIX4 SMB
[    1.062282] ACPI: PCI Interrupt Link [LNKA] (IRQs 5 9 10 *11)
[    1.072786] ACPI: PCI Interrupt Link [LNKB] (IRQs 5 9 *10 11)
[    1.084316] ACPI: PCI Interrupt Link [LNKC] (IRQs 5 *9 10 11)
[    1.093242] ACPI: PCI Interrupt Link [LNKD] (IRQs 5 9 10 *11)
[    1.101882] ACPI: Enabled 2 GPEs in block 00 to 07
[    1.104299] vgaarb: setting as boot device: PCI:0000:00:02.0
[    1.108000] vgaarb: device added: PCI:0000:00:02.0,decodes=io+mem,owns=io+mem,locks=none
[    1.108006] vgaarb: loaded
[    1.112003] vgaarb: bridge control possible 0000:00:02.0
[    1.116541] SCSI subsystem initialized
[    1.124375] ACPI: bus type USB registered
[    1.128022] usbcore: registered new interface driver usbfs
[    1.132041] usbcore: registered new interface driver hub
[    1.136038] usbcore: registered new device driver usb
[    1.144557] PCI: Using ACPI for IRQ routing
[    1.153209] NetLabel: Initializing
[    1.156003] NetLabel:  domain hash size = 128
[    1.160003] NetLabel:  protocols = UNLABELED CIPSOv4
[    1.164019] NetLabel:  unlabeled traffic allowed by default
[    1.172318] amd_nb: Cannot enumerate AMD northbridges
[    1.176489] clocksource: Switched to clocksource kvm-clock
[    1.215944] AppArmor: AppArmor Filesystem Enabled
[    1.215944] pnp: PnP ACPI init
[    1.215944] pnp: PnP ACPI: found 3 devices
[    1.310118] clocksource: acpi_pm: mask: 0xffffff max_cycles: 0xffffff, max_idle_ns: 2085701024 ns
[    1.312233] NET: Registered protocol family 2
[    1.331437] TCP established hash table entries: 8192 (order: 4, 65536 bytes)
[    1.342067] TCP bind hash table entries: 8192 (order: 5, 131072 bytes)
[    1.345652] TCP: Hash tables configured (established 8192 bind 8192)
[    1.345652] UDP hash table entries: 512 (order: 2, 16384 bytes)
[    1.345652] UDP-Lite hash table entries: 512 (order: 2, 16384 bytes)
[    1.345652] NET: Registered protocol family 1
[    1.345652] pci 0000:00:00.0: Limiting direct PCI/PCI transfers
[    1.345652] pci 0000:00:01.0: Activating ISA DMA hang workarounds
[    1.345652] Unpacking initramfs...
[    1.345652] Freeing initrd memory: 14888K
[    1.345652] clocksource: tsc: mask: 0xffffffffffffffff max_cycles: 0x255cbea3061, max_idle_ns: 440795313801 ns
[    1.345652] platform rtc_cmos: registered platform RTC device (no PNP device found)
[    1.345652] Scanning for low memory corruption every 60 seconds
[    1.915598] audit: initializing netlink subsys (disabled)
[    1.923837] audit: type=2000 audit(1711478198.743:1): initialized
[    1.933275] Initialise system trusted keyring
[    1.941949] HugeTLB registered 2 MB page size, pre-allocated 0 pages
[    1.955018] zbud: loaded
[    1.961239] VFS: Disk quotas dquot_6.6.0
[    1.967339] VFS: Dquot-cache hash table entries: 512 (order 0, 4096 bytes)
[    1.977444] squashfs: version 4.0 (2009/01/31) Phillip Lougher
[    1.987623] fuse init (API version 7.23)
[    1.995079] Key type big_key registered
[    2.001329] Allocating IMA MOK and blacklist keyrings.
[    2.030236] Key type asymmetric registered
[    2.036841] Asymmetric key parser 'x509' registered
[    2.044289] Block layer SCSI generic (bsg) driver version 0.4 loaded (major 249)
[    2.056705] io scheduler noop registered
[    2.063032] io scheduler deadline registered (default)
[    2.071423] io scheduler cfq registered
[    2.077494] pci_hotplug: PCI Hot Plug PCI Core version: 0.5
[    2.085979] pciehp: PCI Express Hot Plug Controller Driver version: 0.4
[    2.096391] ACPI: AC Adapter [AC] (on-line)
[    2.102881] input: Power Button as /devices/LNXSYSTM:00/LNXPWRBN:00/input/input0
[    2.115442] ACPI: Power Button [PWRF]
[    2.122228] input: Sleep Button as /devices/LNXSYSTM:00/LNXSLPBN:00/input/input1
[    2.133759] ACPI: Sleep Button [SLPF]
[    2.141025] GHES: HEST is not enabled!
[    2.143068] ACPI: Battery Slot [BAT0] (battery present)
[    2.156403] Serial: 8250/16550 driver, 32 ports, IRQ sharing enabled
[    2.19500] 00:02: ttyS0 at I/O 0x3f8 (irq = 4, base_baud = 115200) is a 16550A
[    2.233985] Linux agpgart interface v0.103
[    2.257636] loop: module loaded
[    2.266927] scsi host0: ata_piix
[    2.274240] scsi host1: ata_piix
[    2.279629] ata1: PATA max UDMA/33 cmd 0x1f0 ctl 0x3f6 bmdma 0xd000 irq 14
[    2.283534] ata2: PATA max UDMA/33 cmd 0x170 ctl 0x376 bmdma 0xd008 irq 15
[    2.300852] libphy: Fixed MDIO Bus: probed
[    2.307967] tun: Universal TUN/TAP device driver, 1.6
[    2.315811] tun: (C) 1999-2004 Max Krasnyansky <maxk@qualcomm.com>
[    2.326219] PPP generic driver version 2.4.2
[    2.333622] ehci_hcd: USB 2.0 'Enhanced' Host Controller (EHCI) Driver
[    2.343103] ehci-pci: EHCI PCI platform driver
[    2.350390] ehci-platform: EHCI generic platform driver
[    2.358207] ohci_hcd: USB 1.1 'Open' Host Controller (OHCI) Driver
[    2.367349] ohci-pci: OHCI PCI platform driver
[    2.374364] ohci-platform: OHCI generic platform driver
[    2.382259] uhci_hcd: USB Universal Host Controller Interface driver
[    2.392239] i8042: PNP: PS/2 Controller [PNP0303:PS2K,PNP0f03:PS2M] at 0x60,0x64 irq 1,12
[    2.409531] serio: i8042 KBD port at 0x60,0x64 irq 1
[    2.410785] serio: i8042 AUX port at 0x60,0x64 irq 12
[    2.425635] mousedev: PS/2 mouse device common for all mice
[    2.439566] rtc_cmos rtc_cmos: rtc core: registered rtc_cmos as rtc0
[    2.450140] rtc_cmos rtc_cmos: alarms up to one day, 114 bytes nvram
[    2.459716] i2c /dev entries driver
[    2.465576] device-mapper: uevent: version 1.0.3
[    2.496934] device-mapper: ioctl: 4.34.0-ioctl (2015-10-28) initialised: dm-devel@redhat.com
[    2.510336] ledtrig-cpu: registered to indicate activity on CPUs
[    2.520648] NET: Registered protocol family 10
[    2.536967] NET: Registered protocol family 17
[    2.543976] Key type dns_resolver registered
[    2.553404] input: AT Translated Set 2 keyboard as /devices/platform/i8042/serio0/input/input2
[    2.567101] registered taskstats version 1
[    2.574423] Loading compiled-in X.509 certificates
[    2.582326] Loaded X.509 cert 'Build time autogenerated kernel key: cf00e047681d67edb2720680708b7d9498083038'
[    2.598255] zswap: loaded using pool lzo/zbud
[    2.616609] Key type trusted registered
[    2.638943] Key type encrypted registered
[    2.649804] AppArmor: AppArmor sha1 policy hashing enabled
[    2.659575] ima: No TPM chip found, activating TPM-bypass!
[    2.668390] ima: Allocated hash algorithm: sha1
[    2.675713] evm: HMAC attrs: 0x1
[    2.683569]   Magic number: 0:427:646
[    2.689763] scsi_host host0: hash matches
[    2.696770] scsi host0: hash matches
[    2.703559] rtc_cmos rtc_cmos: setting system clock to 2024-03-26 18:36:35 UTC (1711478195)
[    2.717469] BIOS EDD facility v0.16 2004-Jun-25, 0 devices found
[    2.726730] EDD information not available.
[    2.737642] Freeing unused kernel memory: 1492K
[    2.757824] Write protecting the kernel read-only data: 14336k
[    2.768998] Freeing unused kernel memory: 1584K
[    2.777604] Freeing unused kernel memory: 52K
Loading, please wait...
starting version 229
[    2.824015] random: systemd-udevd: uninitialized urandom read (16 bytes read, 6 bits of entropy available)
[    2.824020] random: udevadm: uninitialized urandom read (16 bytes read, 6 bits of entropy available)
[    2.824305] random: udevadm: uninitialized urandom read (16 bytes read, 6 bits of entropy available)
[    2.840637] random: udevadm: uninitialized urandom read (16 bytes read, 6 bits of entropy available)
[    2.840686] random: udevadm: uninitialized urandom read (16 bytes read, 6 bits of entropy available)
[    2.840935] random: udevadm: uninitialized urandom read (16 bytes read, 6 bits of entropy available)
[    2.841029] random: udevadm: uninitialized urandom read (16 bytes read, 6 bits of entropy available)
[    2.841174] random: udevadm: uninitialized urandom read (16 bytes read, 6 bits of entropy available)
[    2.841328] random: udevadm: uninitialized urandom read (16 bytes read, 6 bits of entropy available)
[    2.841418] random: udevadm: uninitialized urandom read (16 bytes read, 6 bits of entropy available)
[    3.022556] e1000: Intel(R) PRO/1000 Network Driver - version 7.3.21-k8-NAPI
[    3.033720] e1000: Copyright (c) 1999-2006 Intel Corporation.
[    3.044981] Fusion MPT base driver 3.04.20
[    3.053185] Copyright (c) 1999-2008 LSI Corporation
[    3.075290] Fusion MPT SPI Host driver 3.04.20
[    3.358264] input: ImExPS/2 Generic Explorer Mouse as /devices/platform/i8042/serio1/input/input4
[    4.001129] e1000 0000:00:03.0 eth0: (PCI:33MHz:32-bit) 02:be:82:6b:cc:1d
[    4.011621] e1000 0000:00:03.0 eth0: Intel(R) PRO/1000 Network Connection
[    4.026796] mptbase: ioc0: Initiating bringup
[    4.026938] e1000 0000:00:03.0 enp0s3: renamed from eth0
[    4.139585] ioc0: LSI53C1030 A0: Capabilities={Initiator}
[    5.702237] scsi host2: ioc0: LSI53C1030 A0, FwRev=00000000h, Ports=1, MaxQ=256, IRQ=20
[    6.035341] scsi 2:0:0:0: Direct-Access     VBOX     HARDDISK         1.0  PQ: 0 ANSI: 5
[    6.049054] scsi target2:0:0: Beginning Domain Validation
[    6.070767] scsi target2:0:0: Domain Validation skipping write tests
[    6.080888] scsi target2:0:0: Ending Domain Validation
[    6.090446] scsi target2:0:0: asynchronous
[    6.102428] scsi 2:0:1:0: Direct-Access     VBOX     HARDDISK         1.0  PQ: 0 ANSI: 5
[    6.115310] scsi target2:0:1: Beginning Domain Validation
[    6.137496] scsi target2:0:1: Domain Validation skipping write tests
[    6.147639] scsi target2:0:1: Ending Domain Validation
[    6.158076] scsi target2:0:1: asynchronous
[    6.211401] sd 2:0:0:0: [sda] 83886080 512-byte logical blocks: (42.9 GB/40.0 GiB)
[    6.223099] sd 2:0:0:0: Attached scsi generic sg0 type 0
[    6.234056] sd 2:0:0:0: [sda] Write Protect is off
[    6.274389] sd 2:0:1:0: [sdb] 20480 512-byte logical blocks: (10.5 MB/10.0 MiB)
[    6.286622] sd 2:0:1:0: Attached scsi generic sg1 type 0
[    6.286640] sd 2:0:0:0: [sda] Incomplete mode parameter data
[    6.286642] sd 2:0:0:0: [sda] Assuming drive cache: write through
[    6.317658] sd 2:0:1:0: [sdb] Write Protect is off
[    6.326178] sd 2:0:1:0: [sdb] Incomplete mode parameter data
[    6.330580]  sda: sda1
[    6.334252] sd 2:0:0:0: [sda] Attached SCSI disk
[    6.345824] sd 2:0:1:0: [sdb] Assuming drive cache: write through
[    6.370955] sd 2:0:1:0: [sdb] Attached SCSI disk
Begin: Loading essential drivers ... [    8.321196] md: linear personality registered for level -1
[    8.337795] md: multipath personality registered for level -4
[    8.353524] md: raid0 personality registered for level 0
[    8.385749] md: raid1 personality registered for level 1
[    8.468089] raid6: sse2x1   gen()  8340 MB/s
[    8.540505] raid6: sse2x1   xor()  6383 MB/s
[    8.612440] raid6: sse2x2   gen() 10513 MB/s
[    8.684928] raid6: sse2x2   xor()  7085 MB/s
[    8.756287] raid6: sse2x4   gen() 11400 MB/s
[    8.828527] raid6: sse2x4   xor()  7611 MB/s
[    8.835474] raid6: using algorithm sse2x4 gen() 11400 MB/s
[    8.843438] raid6: .... xor() 7611 MB/s, rmw enabled
[    8.851026] raid6: using ssse3x2 recovery algorithm
[    8.861495] xor: measuring software checksum speed
[   12.165838]    prefetch64-sse: -780456.-296 MB/sec
[   14.215596]    generic_sse: -969155.-296 MB/sec
[   14.223805] xor: using function: prefetch64-sse (-780456.-296 MB/sec)
[   14.237801] async_tx: api initialized (async)
[   14.315283] md: raid6 personality registered for level 6
[   14.323869] md: raid5 personality registered for level 5
[   14.332132] md: raid4 personality registered for level 4
[   14.373649] md: raid10 personality registered for level 10
done.
Begin: Running /scripts/init-premount ... done.
Begin: Mounting root file system ... Begin: Running /scripts/local-top ... done.
Begin: Running /scripts/local-premount ... [   14.495429] Btrfs loaded
Scanning for Btrfs filesystems
done.
Warning: fsck not present, so skipping root file system
[   14.591224] EXT4-fs (sda1): mounted filesystem with ordered data mode. Opts: (null)
done.
Begin: Running /scripts/local-bottom ... done.
Begin: Running /scripts/init-bottom ... done.
[   14.877363] systemd[1]: systemd 229 running in system mode. (+PAM +AUDIT +SELINUX +IMA +APPARMOR +SMACK +SYSVINIT +UTMP +LIBCRYPTSETUP +GCRYPT +GNUTLS +ACL +XZ -LZ4 +SECCOMP +BLKID +ELFUTILS +KMOD -IDN)
[   14.903242] systemd[1]: Detected virtualization oracle.
[   14.912156] systemd[1]: Detected architecture x86-64.

Welcome to [1mUbuntu 16.04.7 LTS[0m!

[   14.936603] systemd[1]: Set hostname to <ubuntu>.
[   14.953176] systemd[1]: Initializing machine ID from random generator.
[   14.963290] systemd[1]: Installed transient /etc/machine-id file.
[   15.307941] systemd[1]: Listening on udev Control Socket.
[[0;32m  OK  [0m] Listening on udev Control Socket.
[   15.326244] systemd[1]: Set up automount Arbitrary Executable File Formats File System Automount Point.
[[0;32m  OK  [0m] Set up automount Arbitrary Executab...ats File System Automount Point.
[   15.350402] systemd[1]: Listening on LVM2 metadata daemon socket.
[[0;32m  OK  [0m] Listening on LVM2 metadata daemon socket.
[   15.369595] systemd[1]: Started Trigger resolvconf update for networkd DNS.
[[0;32m  OK  [0m] Started Trigger resolvconf update for networkd DNS.
[   15.390454] systemd[1]: Created slice User and Session Slice.
[[0;32m  OK  [0m] Created slice User and Session Slice.
[   15.409848] systemd[1]: Reached target User and Group Name Lookups.
[[0;32m  OK  [0m] Reached target User and Group Name Lookups.
[   15.430249] systemd[1]: Listening on Journal Audit Socket.
[[0;32m  OK  [0m] Listening on Journal Audit Socket.
[   15.448445] systemd[1]: Started Forward Password Requests to Wall Directory Watch.
[[0;32m  OK  [0m] Started Forward Password Requests to Wall Directory Watch.
[   15.682103] systemd[1]: Listening on fsck to fsckd communication Socket.
[[0;32m  OK  [0m] Listening on fsck to fsckd communication Socket.
[   15.697528] systemd[1]: Listening on Syslog Socket.
[[0;32m  OK  [0m] Listening on Syslog Socket.
[   15.711661] systemd[1]: Created slice System Slice.
[[0;32m  OK  [0m] Created slice System Slice.
[   15.726491] systemd[1]: Created slice system-serial\x2dgetty.slice.
[[0;32m  OK  [0m] Created slice system-serial\x2dgetty.slice.
[   15.741253] systemd[1]: Listening on Device-mapper event daemon FIFOs.
[[0;32m  OK  [0m] Listening on Device-mapper event daemon FIFOs.
[   15.757076] systemd[1]: Reached target Slices.
[[0;32m  OK  [0m] Reached target Slices.
[   15.777917] systemd[1]: Listening on Journal Socket.
[[0;32m  OK  [0m] Listening on Journal Socket.
[   15.816497] systemd[1]: Mounting Debug File System...
         Mounting Debug File System...
[   15.831943] systemd[1]: Starting File System Check on Root Device...
         Starting File System Check on Root Device...
[   15.848822] systemd[1]: Starting Set console keymap...
         Starting Set console keymap...
[   15.864266] systemd[1]: Mounting POSIX Message Queue File System...
         Mounting POSIX Message Queue File System...
[   15.883717] systemd[1]: Starting Nameserver information manager...
         Starting Nameserver information manager...
[   15.899333] systemd[1]: Starting Monitoring of LVM2 mirrors, snapshots etc. using dmeventd or progress polling...
         Starting Monitoring of LVM2 mirrors... dmeventd or progress polling...
[   15.928931] systemd[1]: Mounting Huge Pages File System...
         Mounting Huge Pages File System...
[   15.944741] systemd[1]: Listening on /dev/initctl Compatibility Named Pipe.
[[0;32m  OK  [0m] Listening on /dev/initctl Compatibility Named Pipe.
[   15.960915] systemd[1]: Listening on Journal Socket (/dev/log).
[[0;32m  OK  [0m] Listening on Journal Socket (/dev/log).
[   15.974947] systemd[1]: Listening on LVM2 poll daemon socket.
[[0;32m  OK  [0m] Listening on LVM2 poll daemon socket.
[   16.000727] systemd[1]: Starting Create list of required static device nodes for the current kernel...
         Starting Create list of required st... nodes for the current kernel...
[   16.021514] systemd[1]: Listening on udev Kernel Socket.
[[0;32m  OK  [0m] Listening on udev Kernel Socket.
[   16.036502] systemd[1]: Starting Uncomplicated firewall...
         Starting Uncomplicated firewall...
[   16.051541] systemd[1]: Starting Journal Service...
[   16.052649] random: nonblocking pool is initialized
         Starting Journal Service...
[   16.077372] systemd[1]: Starting Load Kernel Modules...
         Starting Load Kernel Modules...
[   16.094310] systemd[1]: Reached target Swap.
[[0;32m  OK  [0m] Reached target Swap.
[   16.109425] systemd[1]: Reached target System Time Synchronized.
[   16.120661] Loading iSCSI transport class v2.0-870.
[[0;32m  OK  [0m] Reached target System Time Synchronized.
[   16.133261] systemd[1]: Reached target Encrypted Volumes.
[[0;32m  OK  [0m] Reached target Encrypted Volumes.
[   16.155814] iscsi: registered transport (tcp)
[   16.161296] systemd[1]: Mounted Huge Pages File System.
[[0;32m  OK  [0m] Mounted Huge Pages File System.
[   16.178255] systemd[1]: Mounted POSIX Message Queue File System.
[[0;32m  OK  [0m] Mounted POSIX Message Queue File System.
[   16.195450] systemd[1]: Mounted Debug File System.
[[0;32m  OK  [0m] Mounted Debug File System.
[   16.207672] systemd[1]: Started Journal Service.
[[0;32m  OK  [0m] Started Journal Service.
[[0;32m  OK  [0m] Started File System Check on Root Device.
[[0;32m  OK  [0m] Started Set console keymap.
[[0;32m  OK  [0m] Started Create list of required sta...ce nodes for the current kernel.
[[0;32m  OK  [0m] Started Uncomplicated firewall.
[[0;32m  OK  [0m] Started Nameserver information manager.
[[0;32m  OK  [0m] Started File System Check Daemon to report status.
[[0;32m  OK  [0m] Started LVM2 metadata daemon.
         Starting Create Static Device Nodes in /dev...
         Starting Remount Root and Kernel File Systems...
[   16.339029] EXT4-fs (sda1): re-mounted. Opts: (null)
[[0;32m  OK  [0m] Started Remount Root and Kernel File Systems.
         Starting Flush Journal to Persistent Storage...
         Starting Load/Save Random Seed...
         Starting udev Coldplug all Devices...
[[0;32m  OK  [0m] Started Load/Save Random Seed.
[   16.416745] iscsi: registered transport (iser)
[   16.423780] systemd-journald[383]: Received request to flush runtime journal from PID 1
[[0;32m  OK  [0m] Started Load Kernel Modules.
[[0;32m  OK  [0m] Started Create Static Device Nodes in /dev.
[[0;32m  OK  [0m] Started Flush Journal to Persistent Storage.
         Starting udev Kernel Device Manager...
         Mounting FUSE Control File System...
         Starting Apply Kernel Variables...
[[0;32m  OK  [0m] Mounted FUSE Control File System.
[[0;32m  OK  [0m] Started udev Coldplug all Devices.
[[0;32m  OK  [0m] Started Apply Kernel Variables.
[[0;32m  OK  [0m] Started udev Kernel Device Manager.
[[0;32m  OK  [0m] Started Dispatch Password Requests to Console Directory Watch.
[[0;32m  OK  [0m] Found device /dev/ttyS0.
[[0;32m  OK  [0m] Started Monitoring of LVM2 mirrors,...ng dmeventd or progress polling.
[[0;32m  OK  [0m] Reached target Local File Systems (Pre).
[[0;32m  OK  [0m] Reached target Local File Systems.
         Starting Commit a transient machine-id on disk...
         Starting LSB: AppArmor initialization...
         Starting Initial cloud-init job (pre-networking)...
         Starting Set console font and keymap...
         Starting Create Volatile Files and Directories...
         Starting Tell Plymouth To Write Out Runtime Data...[   19.238121] cloud-init[544]: Cloud-init v. 21.1-19-gbad84ad4-0ubuntu1~16.04.2 running 'init-local' at Tue, 26 Mar 2024 18:36:51 +0000. Up 18.77 seconds.

[[0;32m  OK  [0m] Started Commit a transient machine-id on disk.
[[0;32m  OK  [0m] Started Create Volatile Files and Directories.
[[0;32m  OK  [0m] Started Tell Plymouth To Write Out Runtime Data.
[[0;32m  OK  [0m] Started Initial cloud-init job (pre-networking).
[[0;32m  OK  [0m] Listening on Load/Save RF Kill Switch Status /dev/rfkill Watch.
[[0;32m  OK  [0m] Reached target Network (Pre).
         Starting Update UTMP about System Boot/Shutdown...
[[0;32m  OK  [0m] Started Update UTMP about System Boot/Shutdown.
[[0;32m  OK  [0m] Started Set console font and keymap.
[[0;32m  OK  [0m] Created slice system-getty.slice.
[[0;32m  OK  [0m] Started LSB: AppArmor initialization.
         Starting Load AppArmor profiles managed internally by snapd...
         Starting Raise network interfaces...
[[0;32m  OK  [0m] Started Load AppArmor profiles managed internally by snapd.
[[0;32m  OK  [0m] Started Raise network interfaces.
[[0;32m  OK  [0m] Reached target Network.
         Starting Initial cloud-init job (metadata service crawler)...
[   22.123850] cloud-init[929]: Cloud-init v. 21.1-19-gbad84ad4-0ubuntu1~16.04.2 running 'init' at Tue, 26 Mar 2024 18:36:54 +0000. Up 21.37 seconds.
[   22.137752] cloud-init[929]: ci-info: ++++++++++++++++++++++++++++++++++++++Net device info++++++++++++++++++++++++++++++++++++++
[   22.150333] cloud-init[929]: ci-info: +--------+------+----------------------------+---------------+--------+-------------------+
[   22.164029] [[0;32m  OK  [0m] Started Initial cloud-init job (metadata service crawler).
[[0;32m  OK  [0m] Reached target System Initialization.
[[0;32m  OK  [0m] Listening on D-Bus System Message Bus Socket.
[[0;32m  OK  [0m] Listening on ACPID Listen Socket.
         Starting LXD - unix socket.
[[0;32m  OK  [0m] Started Ubuntu Advantage update messaging.
cloud-init[[0;32m  OK  [0m] Started ACPI Events Check.
[[0;32m  OK  [0m] Reached target Paths.
[[0;32m  OK  [0m] Started Message of the Day.
[[0;32m  OK  [0m] Started Daily Cleanup of Temporary Directories.
[[0;32m  OK  [0m] Listening on UUID daemon activation socket.
         Starting Socket activation for snappy daemon.
[[0;32m  OK  [0m] Started Daily apt download activities.
[[0;32m  OK  [0m] Started Daily apt upgrade and clean activities.
[[0;32m  OK  [0m] Reached target Timers.
[[0;32m  OK  [0m] Reached target Network is Online.
[929]: ci-info: | Device |  Up  |          Address           |      Mask     | Scope  |     Hw-Address    |
[   22.214439] cloud-init[929]: ci-info: +--------+------+----------------------------+---------------+--------+-------------------+
[   22.226755] cloud-init[929]: ci-info: | enp0s3 | True |         10.0.2.15          | 255.255.255.0 | global | 02:be:82:6b:cc:1d |
[   22.238705]          Starting iSCSI initiator daemon (iscsid)...
[[0;32m  OK  [0m] Reached target Cloud-config availability.
[[0;32m  OK  [0m] Listening on LXD - unix socket.
[[0;32m  OK  [0m] Listening on Socket activation for snappy daemon.
[[0;32m  OK  [0m] Reached target Sockets.
[[0;32m  OK  [0m] Reached target Basic System.
cloud-init[929]: ci-info: | enp0s3 | True | fe80::be:82ff:fe6b:cc1d/64 |       .       |  link  | 02:be:82:6b:cc:1d |
[   22.264350] [[0;32m  OK  [0m] Started ACPI event daemon.
         Starting Virtualbox guest utils...
         Starting LSB: Record successful boot for GRUB...
cloud-init         Starting Pollinate to seed the pseudo random number generator...
[[0;32m  OK  [0m] Started FUSE filesystem for LXC.
         Starting /etc/rc.local Compatibility...
         Starting Login Service...
         Starting Snap Daemon...
         Starting Accounts Service...
         Starting System Logging Service...
         Starting LSB: MD monitoring daemon...
[[0;32m  OK  [0m] Started Regular background program processing daemon.
[[0;32m  OK  [0m] Started Deferred execution scheduler.
[[0;32m  OK  [0m] Started D-Bus System Message Bus.
[929]: ci-info: |   lo   | True |         127.0.0.1          |   255.0.0.0   |  host  |         .         |
[   22.400590] cloud-init[929]: ci-info: |   lo   | True |          ::1/128           |       .       |  host  |         .         |
[   22.459202] cloud-init[929]: ci-info: +--------+------+----------------------------+---------------+--------+-------------------+
[   22.481521] cloud-init         Starting LXD - container startup/shutdown...
[929]: [[0;32m  OK  [0m] Started System Logging Service.
ci-info: +++++++++++++++++++++++++++Route IPv4 info++++++++++++++++++++++++++++[[0;32m  OK  [0m] Started /etc/rc.local Compatibility.

[   22.514816] [[0;32m  OK  [0m] Started iSCSI initiator daemon (iscsid).
         Starting Login to default iSCSI targets...
cloud-init[[0;32m  OK  [0m] Started Login Service.
[929]: [[0;32m  OK  [0m] Started Unattended Upgrades Shutdown.
ci-info: +-------+-------------+----------+---------------+-----------+-------+
[[0;32m  OK  [0m] Started LSB: Record successful boot for GRUB.
[[0;32m  OK  [0m] Started LSB: MD monitoring daemon.
[[0;32m  OK  [0m] Started Login to default iSCSI targets.
[   22.678927] cloud-init[929]:          Starting Authenticate and Authorize Users to Run Privileged Tasks...
[[0;32m  OK  [0m] Reached target Remote File Systems (Pre).
[[0;32m  OK  [0m] Reached target Remote File Systems.
         Starting LSB: automatic crash report generation...
         Starting Permit User Sessions...
         Starting LSB: Set the CPU Frequency Scaling governor to "ondemand"...
         Starting LSB: daemon to balance interrupts for SMP systems...
ci-info: | Route | Destination | Gateway  |    Genmask    | Interface | Flags |
[   22.766833] cloud-init[[0;32m  OK  [0m] Started Permit User Sessions.
[929]:          Starting Hold until boot process finishes up...
         Starting Terminate Plymouth Boot Screen...
[[0;32m  OK  [0m] Started Hold until boot process finishes up.
[[0;32m  OK  [0m] Started Getty on tty1.
ci-info: +-------+-------------+----------+---------------+-----------+-------+         Starting Set console scheme...
[[0;32m  OK  [0m] Started Serial Getty on ttyS0.
[[0;32m  OK  [0m] Reached target Login Prompts.
[[0;32m  OK  [0m] Started Terminate Plymouth Boot Screen.
[[0;32m  OK  [0m] Started Set console scheme.

[[0;32m  OK  [0m] Started Authenticate and Authorize Users to Run Privileged Tasks.
[   22.891662] cloud-init[929]: ci-info: |   0   |   0.0.0.0   | 10.0.2.2 |    0.0.0.0    |   enp0s3  |   UG  |
[[0;32m  OK  [0m] Started Accounts Service.
[[0;32m  OK  [0m] Started LSB: Set the CPU Frequency Scaling governor to "ondemand".
[   22.902281] cloud-init[929]: ci-info: |   1   |   10.0.2.0  | 0.0.0.0  | 255.255.255.0 |   enp0s3  |   U   |
[[0;32m  OK  [0m] Started LSB: daemon to balance interrupts for SMP systems.[   22.971971] cloud-init[929]: ci-info: +-------+-------------+----------+---------------+-----------+-------+
[   22.999614] cloud-init[929]: ci-info: +++++++++++++++++++Route IPv6 info+++++++++++++++++++
[   23.000710] cloud-init[929]: ci-info: +-------+-------------+---------+-----------+-------+
[   23.000930] cloud-init[929]: ci-info: | Route | Destination | Gateway | Interface | Flags |
[   23.000983] cloud-init[929]: ci-info: +-------+-------------+---------+-----------+-------+
[   23.001032] cloud-init[929]: ci-info: |   0   |  fe80::/64  |    ::   |   enp0s3  |   U   |
[   23.001075] cloud-init[929]: ci-info: |   3   |   ff00::/8  |    ::   |   enp0s3  |   U   |
[   23.001722] cloud-init[929]: ci-info: +-------+-------------+---------+-----------+-------+
[   23.002970] cloud-init[929]: Generating public/private rsa key pair.
[   23.003550] cloud-init[929]: Your identification has been saved in /etc/ssh/ssh_host_rsa_key.
[   23.008549] cloud-init[929]: Your public key has been saved in /etc/ssh/ssh_host_rsa_key.pub.
[   23.009134] cloud-init[929]: The key fingerprint is:
[   23.009714] cloud-init[929]: SHA256:VLrkoY7q3K8IU9wvgfCRBxYh0HqvNV6cUXp8CPfmS8M root@ubuntu-xenial
[   23.012580] cloud-init[929]: The key's randomart image is:
[   23.013050] cloud-init[929]: +---[RSA 2048]----+
[   23.013627] cloud-init[929]: |+.=o      .      |
[   23.014223] cloud-init[929]: | o.o  . oo       |
[   23.014804] cloud-init[929]: |..o .  *=o       |
[   23.016298] cloud-init[929]: |.+.=  o=+o+      |
[   23.016708] cloud-init[929]: | .=.o..+S=       |
[   23.020295] cloud-init[929]: | .  +=+   E      |
[   23.020915] cloud-init[929]: |o  +ooo  . o     |
[   23.021491] cloud-init[929]: | +.+..    .      |
[   23.022090] cloud-init[929]: | .= oo.          |
[   23.022675] cloud-init[929]: +----[SHA256]-----+
[   23.024299] cloud-init[929]: Generating public/private dsa key pair.
[   23.024510] cloud-init[929]: Your identification has been saved in /etc/ssh/ssh_host_dsa_key.
[   23.025160] cloud-init[929]: Your public key has been saved in /etc/ssh/ssh_host_dsa_key.pub.
[   23.026623] cloud-init[929]: The key fingerprint is:
[   23.026972] cloud-init[929]: SHA256:l76Cn2HsnNhyAaC9uLF3qwaoitJDau2jaFhnX6OrpR0 root@ubuntu-xenial
[   23.028269] cloud-init[929]: The key's randomart image is:
[   23.030149] cloud-init[929]: +---[DSA 1024]----+
[   23.030630] cloud-init[929]: |                 |
[   23.031140] cloud-init[929]: |    .            |
[   23.031724] cloud-init[929]: |   o .           |
[   23.033312] cloud-init[929]: |  . . .    .     |
[   23.033904] cloud-init[929]: | . . . .S o      |
[   23.034543] cloud-init[929]: |. * +  .+o       |
[   23.035077] cloud-init[929]: |o=.B .E++o.      |
[   23.035670] cloud-init[929]: |Bo=oo+*Bo+ .     |
[   23.037608] cloud-init[929]: |O.o==+=*B..      |
[   23.038145] cloud-init[929]: +----[SHA256]-----+
[   23.038740] cloud-init[929]: Generating public/private ecdsa key pair.
[   23.039388] cloud-init[929]: Your identification has been saved in /etc/ssh/ssh_host_ecdsa_key.
[   23.039925] cloud-init[929]: Your public key has been saved in /etc/ssh/ssh_host_ecdsa_key.pub.
[   23.041194] cloud-init[929]: The key fingerprint is:
[   23.041756] cloud-init[929]: SHA256:sDeBf2pmc2tGE9E/3oDG/0fGoPgJ6gHeYi+ltr7D5JU root@ubuntu-xenial
[   23.042356] cloud-init[929]: The key's randomart image is:
[   23.042976] cloud-init[929]: +---[ECDSA 256]---+
[   23.043531] cloud-init[929]: |           .     |
[   23.044363] cloud-init[929]: |       .  . .    |
[   23.044780] cloud-init[929]: |      o .  o o   |
[   23.045367] cloud-init[929]: |       + .. + =  |
[   23.046582] cloud-init[929]: |      o S..+ + * |
[   23.047152] cloud-init[929]: |     ..+E+= . o =|
[   23.049035] cloud-init[929]: |     +++Oo.+ . + |
[   23.049658] cloud-init[929]: |     .B*.+o.o   o|
[   23.050223] cloud-init[929]: |     o+*oo.     .|
[   23.050840] cloud-init[929]: +----[SHA256]-----+
[   23.051396] cloud-init[929]: Generating public/private ed25519 key pair.
[   23.051997] cloud-init[929]: Your identification has been saved in /etc/ssh/ssh_host_ed25519_key.
[   23.053568] cloud-init[929]: Your public key has been saved in /etc/ssh/ssh_host_ed25519_key.pub.
[   23.054123] cloud-init[929]: The key fingerprint is:
[   23.054712] cloud-init[929]: SHA256:OjRzGfu4shi4ocxgM4k9yLo+AgKP2fIJG7HXFFJ4gWo root@ubuntu-xenial
[   23.055329] cloud-init[929]: The key's randomart image is:
[   23.055880] cloud-init[929]: +--[ED25519 256]--+
[   23.057163] cloud-init[929]: |   +o.           |
[   23.057717] cloud-init[929]: |  + o            |
[   23.058960] cloud-init[929]: | . o .  .        |
[   23.059584] cloud-init[929]: |+E  .    +       |
[   23.060347] cloud-init[929]: |oB o  + S        |
[   23.060836] cloud-init[929]: |%o=... = o       |
[   23.061359] cloud-init[929]: |*&=.. o . .      |
[   23.061960] cloud-init[929]: |Oo=+ o.. .       |
[   23.063112] cloud-init[929]: |*=o . .o.        |
[   23.063747] cloud-init[929]: +----[SHA256]-----+

[[0;32m  OK  [0m] Started LSB: automatic crash report generation.
[[0;32m  OK  [0m] Started LXD - container startup/shutdown.
[[0;32m  OK  [0m] Started Virtualbox guest utils.
[[0;32m  OK  [0m] Started Pollinate to seed the pseudo random number generator.
         Starting OpenBSD Secure Shell server...
[[0;32m  OK  [0m] Started OpenBSD Secure Shell server.
[[0;32m  OK  [0m] Started Snap Daemon.
         Starting Wait until snapd is fully seeded...
[[0;32m  OK  [0m] Created slice User Slice of vagrant.
         Starting User Manager for UID 1000...
[[0;32m  OK  [0m] Started Session 1 of user vagrant.
[[0;32m  OK  [0m] Started User Manager for UID 1000.
[[0;32m  OK  [0m] Started Wait until snapd is fully seeded.
         Starting Apply the settings specified in cloud-config...
[[0;32m  OK  [0m] Reached target Multi-User System.
[[0;32m  OK  [0m] Reached target Graphical Interface.
         Starting Update UTMP about System Runlevel Changes...
[[0;32m  OK  [0m] Started Update UTMP about System Runlevel Changes.
[   26.208762] cloud-init[1358]: Generating locales (this might take a while)...
[   27.777307] cloud-init[1358]:   en_US.UTF-8... done
[   27.799627] cloud-init[1358]: Generation complete.
[   28.571282] cloud-init[1358]: Cloud-init v. 21.1-19-gbad84ad4-0ubuntu1~16.04.2 running 'modules:config' at Tue, 26 Mar 2024 18:36:58 +0000. Up 26.00 seconds.

Ubuntu 16.04.7 LTS ubuntu-xenial ttyS0

ubuntu-xenial login: ci-info: no authorized SSH keys fingerprints found for user ubuntu.
<14>Mar 26 18:37:02 ec2: 
<14>Mar 26 18:37:02 ec2: #############################################################
<14>Mar 26 18:37:02 ec2: -----BEGIN SSH HOST KEY FINGERPRINTS-----
<14>Mar 26 18:37:02 ec2: 1024 SHA256:l76Cn2HsnNhyAaC9uLF3qwaoitJDau2jaFhnX6OrpR0 root@ubuntu-xenial (DSA)
<14>Mar 26 18:37:02 ec2: 256 SHA256:sDeBf2pmc2tGE9E/3oDG/0fGoPgJ6gHeYi+ltr7D5JU root@ubuntu-xenial (ECDSA)
<14>Mar 26 18:37:02 ec2: 256 SHA256:OjRzGfu4shi4ocxgM4k9yLo+AgKP2fIJG7HXFFJ4gWo root@ubuntu-xenial (ED25519)
<14>Mar 26 18:37:02 ec2: 2048 SHA256:VLrkoY7q3K8IU9wvgfCRBxYh0HqvNV6cUXp8CPfmS8M root@ubuntu-xenial (RSA)
<14>Mar 26 18:37:02 ec2: -----END SSH HOST KEY FINGERPRINTS-----
<14>Mar 26 18:37:02 ec2: #############################################################
-----BEGIN SSH HOST KEY KEYS-----
ecdsa-sha2-nistp256 AAAAE2VjZHNhLXNoYTItbmlzdHAyNTYAAAAIbmlzdHAyNTYAAABBBDveaI+sUpgiLE9Lm4/oLMPCGZ4GZo7Ag9ToF9HwNOtd4g7FLMmirAHYstESUqZOMbPW/bwTY8NDe5HTlYnTKP8= root@ubuntu-xenial
ssh-ed25519 AAAAC3NzaC1lZDI1NTE5AAAAIP6kv4J56UqZrs0w5ANgeX1gcIuevzVkpd/6ido6XKBm root@ubuntu-xenial
ssh-rsa AAAAB3NzaC1yc2EAAAADAQABAAABAQC1wqpZg1OtYE6KJ1QU2es0rkYftbZGSqUYN+qyJcZovZwiz/0sjVXpUFgs+C9c3MA8s4BNkesy8e5IUvGMsWswDBDPWH7LnLI0z/94jVgK6e1Hv3HFtMKCWi767b2CUYXcsYa7os+nezUS3mxLFPwiCxoG1F/9cl/0P1Q1chlT+bU4w8GLxsB2IlMV4+nRCExaAvItD6UEVhN7nzrBt/ADXJqoca6AecbkjlNnAMpzjfe8fqLTkgmp+mRk5xIJ0s8H4Gd8c0IO1LSAPQ8ODWL8yyvud+fMMgwKKaZ5U0BQPdWfdwq+G6maxqmxYUfH5Mrpng4MHizn70Pccqe8i293 root@ubuntu-xenial
-----END SSH HOST KEY KEYS-----
[   29.591487] cloud-init[1548]: Cloud-init v. 21.1-19-gbad84ad4-0ubuntu1~16.04.2 running 'modules:final' at Tue, 26 Mar 2024 18:37:01 +0000. Up 29.20 seconds.
[   29.591873] cloud-init[1548]: ci-info: no authorized SSH keys fingerprints found for user ubuntu.
[   29.591951] cloud-init[1548]: Cloud-init v. 21.1-19-gbad84ad4-0ubuntu1~16.04.2 finished at Tue, 26 Mar 2024 18:37:02 +0000. Datasource DataSourceNoCloud [seed=/dev/sdb][dsmode=net].  Up 29.51 seconds
